>>> BaseGeometry = __import__("7-base_geometry").BaseGeometry
>>> bg = BaseGeometry()

### area()
>>> bg.area()
Traceback (most recent call last):
...
Exception: area() is not implemented

### integer_validator(): missing value argument
>>> bg.integer_validator()
Traceback (most recent call last):
...
TypeError: integer_validator() missing 2 required positional arguments: 'name' and 'value'

### integer_validator(): missing value
>>> bg.integer_validator("age")
Traceback (most recent call last):
...
TypeError: integer_validator() missing 1 required positional argument: 'value'

### Correct usage
>>> bg.integer_validator("age", 10)

### string (TypeError)
>>> bg.integer_validator("age", "hello")
Traceback (most recent call last):
...
TypeError: age must be an integer

### zero (ValueError)
>>> bg.integer_validator("age", 0)
Traceback (most recent call last):
...
ValueError: age must be greater than 0

### negative (ValueError)
>>> bg.integer_validator("age", -5)
Traceback (most recent call last):
...
ValueError: age must be greater than 0

### tuple
>>> bg.integer_validator("age", (4,))
Traceback (most recent call last):
...
TypeError: age must be an integer

### list
>>> bg.integer_validator("age", [3])
Traceback (most recent call last):
...
TypeError: age must be an integer

### bool
>>> bg.integer_validator("age", True)
Traceback (most recent call last):
...
TypeError: age must be an integer

### set
>>> bg.integer_validator("age", {3, 4})
Traceback (most recent call last):
...
TypeError: age must be an integer

### None
>>> bg.integer_validator("age", None)
Traceback (most recent call last):
...
TypeError: age must be an integer
